  正在确定要还原的项目…
  所有项目均是最新的，无法还原。
C:\Program Files\dotnet\sdk\10.0.401\Microsoft.Common.CurrentVersion.targets(2453,5): warning MSB3277: 发现无法解析的“WindowsBase”的不同版本之间存在冲突。 [E:\dsh-launcher\src\DshShell\DshShell.csproj]
C:\Program Files\dotnet\sdk\10.0.401\Microsoft.Common.CurrentVersion.targets(2453,5): warning MSB3277: “WindowsBase, Version=4.0.0.0, Culture=neutral, PublicKeyToken=31bf3856ad364e35”与“WindowsBase, Version=5.0.0.0, Culture=neutral, PublicKeyToken=31bf3856ad364e35”之间存在冲突。 [E:\dsh-launcher\src\DshShell\DshShell.csproj]
C:\Program Files\dotnet\sdk\10.0.401\Microsoft.Common.CurrentVersion.targets(2453,5): warning MSB3277:     已选择“WindowsBase, Version=4.0.0.0, Culture=neutral, PublicKeyToken=31bf3856ad364e35”，因为它是主版本而“WindowsBase, Version=5.0.0.0, Culture=neutral, PublicKeyToken=31bf3856ad364e35”不是。 [E:\dsh-launcher\src\DshShell\DshShell.csproj]
C:\Program Files\dotnet\sdk\10.0.401\Microsoft.Common.CurrentVersion.targets(2453,5): warning MSB3277:     依赖于“WindowsBase, Version=4.0.0.0, Culture=neutral, PublicKeyToken=31bf3856ad364e35”[C:\Program Files\dotnet\packs\Microsoft.NETCore.App.Ref\10.0.12\ref\net10.0\WindowsBase.dll]的引用。 [E:\dsh-launcher\src\DshShell\DshShell.csproj]
C:\Program Files\dotnet\sdk\10.0.401\Microsoft.Common.CurrentVersion.targets(2453,5): warning MSB3277:         C:\Program Files\dotnet\packs\Microsoft.NETCore.App.Ref\10.0.12\ref\net10.0\WindowsBase.dll [E:\dsh-launcher\src\DshShell\DshShell.csproj]
C:\Program Files\dotnet\sdk\10.0.401\Microsoft.Common.CurrentVersion.targets(2453,5): warning MSB3277:           导致引用“C:\Program Files\dotnet\packs\Microsoft.NETCore.App.Ref\10.0.12\ref\net10.0\WindowsBase.dll”的项目文件项 Include 特性。 [E:\dsh-launcher\src\DshShell\DshShell.csproj]
C:\Program Files\dotnet\sdk\10.0.401\Microsoft.Common.CurrentVersion.targets(2453,5): warning MSB3277:             C:\Program Files\dotnet\packs\Microsoft.NETCore.App.Ref\10.0.12\ref/net10.0/WindowsBase.dll [E:\dsh-launcher\src\DshShell\DshShell.csproj]
C:\Program Files\dotnet\sdk\10.0.401\Microsoft.Common.CurrentVersion.targets(2453,5): warning MSB3277:     依赖于或已统一到“WindowsBase, Version=5.0.0.0, Culture=neutral, PublicKeyToken=31bf3856ad364e35”[] 的引用。 [E:\dsh-launcher\src\DshShell\DshShell.csproj]
C:\Program Files\dotnet\sdk\10.0.401\Microsoft.Common.CurrentVersion.targets(2453,5): warning MSB3277:         C:\Users\<localUser>\.nuget\packages\microsoft.web.webview2\1.0.4129.50\lib_manual\net5.0-windows10.0.17763.0\Microsoft.Web.WebView2.Wpf.dll [E:\dsh-launcher\src\DshShell\DshShell.csproj]
C:\Program Files\dotnet\sdk\10.0.401\Microsoft.Common.CurrentVersion.targets(2453,5): warning MSB3277:           导致引用“C:\Users\<localUser>\.nuget\packages\microsoft.web.webview2\1.0.4129.50\lib_manual\net5.0-windows10.0.17763.0\Microsoft.Web.WebView2.Wpf.dll”的项目文件项 Include 特性。 [E:\dsh-launcher\src\DshShell\DshShell.csproj]
C:\Program Files\dotnet\sdk\10.0.401\Microsoft.Common.CurrentVersion.targets(2453,5): warning MSB3277:             C:\Users\<localUser>\.nuget\packages\microsoft.web.webview2\1.0.4129.50\buildTransitive\..\\lib_manual\net5.0-windows10.0.17763.0\Microsoft.Web.WebView2.Wpf.dll [E:\dsh-launcher\src\DshShell\DshShell.csproj]
  DshShell -> E:\dsh-launcher\src\DshShell\bin\Release\net10.0-windows\DshWeb.dll
C:\Program Files\dotnet\sdk\10.0.401\Microsoft.Common.CurrentVersion.targets(2453,5): warning MSB3277: 发现无法解析的“WindowsBase”的不同版本之间存在冲突。 [E:\dsh-launcher\tests\DshShell.Tests\DshShell.Tests.csproj]
C:\Program Files\dotnet\sdk\10.0.401\Microsoft.Common.CurrentVersion.targets(2453,5): warning MSB3277: “WindowsBase, Version=4.0.0.0, Culture=neutral, PublicKeyToken=31bf3856ad364e35”与“WindowsBase, Version=5.0.0.0, Culture=neutral, PublicKeyToken=31bf3856ad364e35”之间存在冲突。 [E:\dsh-launcher\tests\DshShell.Tests\DshShell.Tests.csproj]
C:\Program Files\dotnet\sdk\10.0.401\Microsoft.Common.CurrentVersion.targets(2453,5): warning MSB3277:     已选择“WindowsBase, Version=4.0.0.0, Culture=neutral, PublicKeyToken=31bf3856ad364e35”，因为它是主版本而“WindowsBase, Version=5.0.0.0, Culture=neutral, PublicKeyToken=31bf3856ad364e35”不是。 [E:\dsh-launcher\tests\DshShell.Tests\DshShell.Tests.csproj]
C:\Program Files\dotnet\sdk\10.0.401\Microsoft.Common.CurrentVersion.targets(2453,5): warning MSB3277:     依赖于“WindowsBase, Version=4.0.0.0, Culture=neutral, PublicKeyToken=31bf3856ad364e35”[C:\Program Files\dotnet\packs\Microsoft.NETCore.App.Ref\10.0.12\ref\net10.0\WindowsBase.dll]的引用。 [E:\dsh-launcher\tests\DshShell.Tests\DshShell.Tests.csproj]
C:\Program Files\dotnet\sdk\10.0.401\Microsoft.Common.CurrentVersion.targets(2453,5): warning MSB3277:         C:\Program Files\dotnet\packs\Microsoft.NETCore.App.Ref\10.0.12\ref\net10.0\WindowsBase.dll [E:\dsh-launcher\tests\DshShell.Tests\DshShell.Tests.csproj]
C:\Program Files\dotnet\sdk\10.0.401\Microsoft.Common.CurrentVersion.targets(2453,5): warning MSB3277:           导致引用“C:\Program Files\dotnet\packs\Microsoft.NETCore.App.Ref\10.0.12\ref\net10.0\WindowsBase.dll”的项目文件项 Include 特性。 [E:\dsh-launcher\tests\DshShell.Tests\DshShell.Tests.csproj]
C:\Program Files\dotnet\sdk\10.0.401\Microsoft.Common.CurrentVersion.targets(2453,5): warning MSB3277:             C:\Program Files\dotnet\packs\Microsoft.NETCore.App.Ref\10.0.12\ref/net10.0/WindowsBase.dll [E:\dsh-launcher\tests\DshShell.Tests\DshShell.Tests.csproj]
C:\Program Files\dotnet\sdk\10.0.401\Microsoft.Common.CurrentVersion.targets(2453,5): warning MSB3277:     依赖于或已统一到“WindowsBase, Version=5.0.0.0, Culture=neutral, PublicKeyToken=31bf3856ad364e35”[] 的引用。 [E:\dsh-launcher\tests\DshShell.Tests\DshShell.Tests.csproj]
C:\Program Files\dotnet\sdk\10.0.401\Microsoft.Common.CurrentVersion.targets(2453,5): warning MSB3277:         C:\Users\<localUser>\.nuget\packages\microsoft.web.webview2\1.0.4129.50\lib_manual\net5.0-windows10.0.17763.0\Microsoft.Web.WebView2.Wpf.dll [E:\dsh-launcher\tests\DshShell.Tests\DshShell.Tests.csproj]
C:\Program Files\dotnet\sdk\10.0.401\Microsoft.Common.CurrentVersion.targets(2453,5): warning MSB3277:           导致引用“C:\Users\<localUser>\.nuget\packages\microsoft.web.webview2\1.0.4129.50\lib_manual\net5.0-windows10.0.17763.0\Microsoft.Web.WebView2.Wpf.dll”的项目文件项 Include 特性。 [E:\dsh-launcher\tests\DshShell.Tests\DshShell.Tests.csproj]
C:\Program Files\dotnet\sdk\10.0.401\Microsoft.Common.CurrentVersion.targets(2453,5): warning MSB3277:             C:\Users\<localUser>\.nuget\packages\microsoft.web.webview2\1.0.4129.50\buildTransitive\..\\lib_manual\net5.0-windows10.0.17763.0\Microsoft.Web.WebView2.Wpf.dll [E:\dsh-launcher\tests\DshShell.Tests\DshShell.Tests.csproj]
E:\dsh-launcher\tests\DshShell.Tests\Lifecycle\BootHealthMonitorTests.cs(187,18): warning CS8619: 类型“Task<string>”的值中引用类型的为 Null 性与目标类型“Task<string?>”不匹配。 [E:\dsh-launcher\tests\DshShell.Tests\DshShell.Tests.csproj]
E:\dsh-launcher\tests\DshShell.Tests\Lifecycle\BootHealthMonitorTests.cs(204,18): warning CS8619: 类型“Task<string>”的值中引用类型的为 Null 性与目标类型“Task<string?>”不匹配。 [E:\dsh-launcher\tests\DshShell.Tests\DshShell.Tests.csproj]
E:\dsh-launcher\tests\DshShell.Tests\Lifecycle\BootHealthMonitorTests.cs(216,18): warning CS8619: 类型“Task<string>”的值中引用类型的为 Null 性与目标类型“Task<string?>”不匹配。 [E:\dsh-launcher\tests\DshShell.Tests\DshShell.Tests.csproj]
E:\dsh-launcher\tests\DshShell.Tests\Lifecycle\BootHealthMonitorTests.cs(235,20): warning CS8619: 类型“Task<string>”的值中引用类型的为 Null 性与目标类型“Task<string?>”不匹配。 [E:\dsh-launcher\tests\DshShell.Tests\DshShell.Tests.csproj]
E:\dsh-launcher\tests\DshShell.Tests\Lifecycle\BootHealthMonitorTests.cs(255,18): warning CS8619: 类型“Task<string>”的值中引用类型的为 Null 性与目标类型“Task<string?>”不匹配。 [E:\dsh-launcher\tests\DshShell.Tests\DshShell.Tests.csproj]
E:\dsh-launcher\tests\DshShell.Tests\Lifecycle\BootHealthMonitorTests.cs(274,20): warning CS8619: 类型“Task<string>”的值中引用类型的为 Null 性与目标类型“Task<string?>”不匹配。 [E:\dsh-launcher\tests\DshShell.Tests\DshShell.Tests.csproj]
E:\dsh-launcher\tests\DshShell.Tests\Lifecycle\BootHealthMonitorTests.cs(299,18): warning CS8619: 类型“Task<string>”的值中引用类型的为 Null 性与目标类型“Task<string?>”不匹配。 [E:\dsh-launcher\tests\DshShell.Tests\DshShell.Tests.csproj]
E:\dsh-launcher\tests\DshShell.Tests\Lifecycle\BootHealthMonitorTests.cs(534,18): warning CS8619: 类型“Task<string>”的值中引用类型的为 Null 性与目标类型“Task<string?>”不匹配。 [E:\dsh-launcher\tests\DshShell.Tests\DshShell.Tests.csproj]
E:\dsh-launcher\tests\DshShell.Tests\Outcomes\ConfigWaitingStateOutcomes.cs(33,29): warning CS8619: 类型“Task<string>”的值中引用类型的为 Null 性与目标类型“Task<string?>”不匹配。 [E:\dsh-launcher\tests\DshShell.Tests\DshShell.Tests.csproj]
E:\dsh-launcher\tests\DshShell.Tests\Outcomes\OrphanServiceOutcomes.cs(98,13): warning CS0219: 变量“startCalls”已被赋值，但从未使用过它的值 [E:\dsh-launcher\tests\DshShell.Tests\DshShell.Tests.csproj]
E:\dsh-launcher\tests\DshShell.Tests\F11HookDecisionTests.cs(14,36): warning CS0414: 字段“F11HookDecisionTests.SysKeyDown”已被赋值，但从未使用过它的值 [E:\dsh-launcher\tests\DshShell.Tests\DshShell.Tests.csproj]
E:\dsh-launcher\tests\DshShell.Tests\Lifecycle\ServiceRestartCoordinatorRegressionTests.cs(17,17): warning CS0414: 字段“ServiceRestartCoordinatorRegressionTests._restartCalls”已被赋值，但从未使用过它的值 [E:\dsh-launcher\tests\DshShell.Tests\DshShell.Tests.csproj]
E:\dsh-launcher\tests\DshShell.Tests\F11HookDecisionTests.cs(13,36): warning CS0414: 字段“F11HookDecisionTests.KeyDown”已被赋值，但从未使用过它的值 [E:\dsh-launcher\tests\DshShell.Tests\DshShell.Tests.csproj]
E:\dsh-launcher\tests\DshShell.Tests\Managers\UpdateFlowContractTests.cs(120,17): warning xUnit1012: Null should not be used for type parameter 'tail' of type 'string'. Use a non-null value, or convert the parameter to a nullable type. (https://xunit.net/xunit.analyzers/rules/xUnit1012) [E:\dsh-launcher\tests\DshShell.Tests\DshShell.Tests.csproj]
E:\dsh-launcher\tests\DshShell.Tests\Managers\UpdateFlowContractTests.cs(313,17): warning xUnit1012: Null should not be used for type parameter 'tail' of type 'string'. Use a non-null value, or convert the parameter to a nullable type. (https://xunit.net/xunit.analyzers/rules/xUnit1012) [E:\dsh-launcher\tests\DshShell.Tests\DshShell.Tests.csproj]
E:\dsh-launcher\tests\DshShell.Tests\Lifecycle\BootHealthMonitorTests.cs(524,26): warning xUnit1031: Test methods should not use blocking task operations, as they can cause deadlocks. Use an async test method and await instead. (https://xunit.net/xunit.analyzers/rules/xUnit1031) [E:\dsh-launcher\tests\DshShell.Tests\DshShell.Tests.csproj]
E:\dsh-launcher\tests\DshShell.Tests\V030FeaturesTests.cs(292,9): warning xUnit2031: Do not use a Where clause to filter before calling Assert.Single. Use the overload of Assert.Single that accepts a filtering function. (https://xunit.net/xunit.analyzers/rules/xUnit2031) [E:\dsh-launcher\tests\DshShell.Tests\DshShell.Tests.csproj]
E:\dsh-launcher\tests\DshShell.Tests\RealOs\DshUpdatePipelineRealTests.cs(69,9): warning xUnit2020: Do not use Assert.True(false, message) to fail a test. Use Assert.Fail(message) instead. (https://xunit.net/xunit.analyzers/rules/xUnit2020) [E:\dsh-launcher\tests\DshShell.Tests\DshShell.Tests.csproj]
E:\dsh-launcher\tests\DshShell.Tests\Outcomes\RecoveryOutcomes.cs(38,56): warning xUnit1031: Test methods should not use blocking task operations, as they can cause deadlocks. Use an async test method and await instead. (https://xunit.net/xunit.analyzers/rules/xUnit1031) [E:\dsh-launcher\tests\DshShell.Tests\DshShell.Tests.csproj]
E:\dsh-launcher\tests\DshShell.Tests\RealOs\DshUpdatePipelineRealTests.cs(200,90): warning xUnit1031: Test methods should not use blocking task operations, as they can cause deadlocks. Use an async test method and await instead. (https://xunit.net/xunit.analyzers/rules/xUnit1031) [E:\dsh-launcher\tests\DshShell.Tests\DshShell.Tests.csproj]
E:\dsh-launcher\tests\DshShell.Tests\Outcomes\SystemUpgradeOutcomeContracts.cs(291,56): warning xUnit1031: Test methods should not use blocking task operations, as they can cause deadlocks. Use an async test method and await instead. (https://xunit.net/xunit.analyzers/rules/xUnit1031) [E:\dsh-launcher\tests\DshShell.Tests\DshShell.Tests.csproj]
E:\dsh-launcher\tests\DshShell.Tests\Outcomes\SystemUpgradeOutcomeContracts.cs(246,56): warning xUnit1031: Test methods should not use blocking task operations, as they can cause deadlocks. Use an async test method and await instead. (https://xunit.net/xunit.analyzers/rules/xUnit1031) [E:\dsh-launcher\tests\DshShell.Tests\DshShell.Tests.csproj]
E:\dsh-launcher\tests\DshShell.Tests\UpdateCheckerTests.cs(41,83): warning xUnit1031: Test methods should not use blocking task operations, as they can cause deadlocks. Use an async test method and await instead. (https://xunit.net/xunit.analyzers/rules/xUnit1031) [E:\dsh-launcher\tests\DshShell.Tests\DshShell.Tests.csproj]
E:\dsh-launcher\tests\DshShell.Tests\UpdateCheckerTests.cs(48,83): warning xUnit1031: Test methods should not use blocking task operations, as they can cause deadlocks. Use an async test method and await instead. (https://xunit.net/xunit.analyzers/rules/xUnit1031) [E:\dsh-launcher\tests\DshShell.Tests\DshShell.Tests.csproj]
E:\dsh-launcher\tests\DshShell.Tests\UpdateCheckerTests.cs(55,73): warning xUnit1031: Test methods should not use blocking task operations, as they can cause deadlocks. Use an async test method and await instead. (https://xunit.net/xunit.analyzers/rules/xUnit1031) [E:\dsh-launcher\tests\DshShell.Tests\DshShell.Tests.csproj]
E:\dsh-launcher\tests\DshShell.Tests\UpdateCheckerTests.cs(62,73): warning xUnit1031: Test methods should not use blocking task operations, as they can cause deadlocks. Use an async test method and await instead. (https://xunit.net/xunit.analyzers/rules/xUnit1031) [E:\dsh-launcher\tests\DshShell.Tests\DshShell.Tests.csproj]
E:\dsh-launcher\tests\DshShell.Tests\UpdateCheckerTests.cs(69,73): warning xUnit1031: Test methods should not use blocking task operations, as they can cause deadlocks. Use an async test method and await instead. (https://xunit.net/xunit.analyzers/rules/xUnit1031) [E:\dsh-launcher\tests\DshShell.Tests\DshShell.Tests.csproj]
E:\dsh-launcher\tests\DshShell.Tests\UpdateCheckerTests.cs(76,73): warning xUnit1031: Test methods should not use blocking task operations, as they can cause deadlocks. Use an async test method and await instead. (https://xunit.net/xunit.analyzers/rules/xUnit1031) [E:\dsh-launcher\tests\DshShell.Tests\DshShell.Tests.csproj]
E:\dsh-launcher\tests\DshShell.Tests\UpdateCheckerTests.cs(86,69): warning xUnit1031: Test methods should not use blocking task operations, as they can cause deadlocks. Use an async test method and await instead. (https://xunit.net/xunit.analyzers/rules/xUnit1031) [E:\dsh-launcher\tests\DshShell.Tests\DshShell.Tests.csproj]
E:\dsh-launcher\tests\DshShell.Tests\UpdateCheckerTests.cs(104,74): warning xUnit1031: Test methods should not use blocking task operations, as they can cause deadlocks. Use an async test method and await instead. (https://xunit.net/xunit.analyzers/rules/xUnit1031) [E:\dsh-launcher\tests\DshShell.Tests\DshShell.Tests.csproj]
E:\dsh-launcher\tests\DshShell.Tests\UpdateCheckerTests.cs(96,73): warning xUnit1031: Test methods should not use blocking task operations, as they can cause deadlocks. Use an async test method and await instead. (https://xunit.net/xunit.analyzers/rules/xUnit1031) [E:\dsh-launcher\tests\DshShell.Tests\DshShell.Tests.csproj]
E:\dsh-launcher\tests\DshShell.Tests\UpdateCheckerTests.cs(111,74): warning xUnit1031: Test methods should not use blocking task operations, as they can cause deadlocks. Use an async test method and await instead. (https://xunit.net/xunit.analyzers/rules/xUnit1031) [E:\dsh-launcher\tests\DshShell.Tests\DshShell.Tests.csproj]
E:\dsh-launcher\tests\DshShell.Tests\UpdateCheckerTests.cs(118,73): warning xUnit1031: Test methods should not use blocking task operations, as they can cause deadlocks. Use an async test method and await instead. (https://xunit.net/xunit.analyzers/rules/xUnit1031) [E:\dsh-launcher\tests\DshShell.Tests\DshShell.Tests.csproj]
E:\dsh-launcher\tests\DshShell.Tests\UpdateCheckerTests.cs(127,78): warning xUnit1031: Test methods should not use blocking task operations, as they can cause deadlocks. Use an async test method and await instead. (https://xunit.net/xunit.analyzers/rules/xUnit1031) [E:\dsh-launcher\tests\DshShell.Tests\DshShell.Tests.csproj]
E:\dsh-launcher\tests\DshShell.Tests\UpdateCheckerTests.cs(134,68): warning xUnit1031: Test methods should not use blocking task operations, as they can cause deadlocks. Use an async test method and await instead. (https://xunit.net/xunit.analyzers/rules/xUnit1031) [E:\dsh-launcher\tests\DshShell.Tests\DshShell.Tests.csproj]
E:\dsh-launcher\tests\DshShell.Tests\UpdateCheckerTests.cs(141,68): warning xUnit1031: Test methods should not use blocking task operations, as they can cause deadlocks. Use an async test method and await instead. (https://xunit.net/xunit.analyzers/rules/xUnit1031) [E:\dsh-launcher\tests\DshShell.Tests\DshShell.Tests.csproj]
E:\dsh-launcher\tests\DshShell.Tests\UpdateCheckerTests.cs(153,69): warning xUnit1031: Test methods should not use blocking task operations, as they can cause deadlocks. Use an async test method and await instead. (https://xunit.net/xunit.analyzers/rules/xUnit1031) [E:\dsh-launcher\tests\DshShell.Tests\DshShell.Tests.csproj]
  DshShell.Tests -> E:\dsh-launcher\tests\DshShell.Tests\bin\Release\net10.0-windows10.0.19041.0\DshShell.Tests.dll
E:\dsh-launcher\tests\DshShell.Tests\bin\Release\net10.0-windows10.0.19041.0\DshShell.Tests.dll (.NETCoreApp,Version=v10.0)的测试运行
总共 1 个测试文件与指定模式相匹配。

已通过! - 失败:     0，通过:     1，已跳过:     0，总计:     1，持续时间: 1 m 20 s - DshShell.Tests.dll (net10.0)
