{"ts":"2026-09-18 23:29:01.982","level":"INFO","pid":26468,"msg":"feature flag: DSH_USE_NEW_LIFECYCLE=unset (legacy)"}
{"ts":"2026-09-18 23:29:02.099","level":"INFO","pid":26468,"msg":"start target=http://127.0.0.1:39731 external=True"}
{"ts":"2026-09-18 23:29:02.102","level":"INFO","pid":26468,"msg":"first instance"}
{"ts":"2026-09-18 23:29:02.412","level":"INFO","pid":26468,"msg":"lifecycle: Idle --StartRequested--\u003E CheckingInstance"}
{"ts":"2026-09-18 23:29:02.414","level":"INFO","pid":26468,"msg":"lifecycle: CheckingInstance --InstanceConfirmed--\u003E ResolvingRuntime"}
{"ts":"2026-09-18 23:29:02.585","level":"INFO","pid":26468,"msg":"lifecycle: ResolvingRuntime --RuntimeResolved--\u003E StartingService"}
{"ts":"2026-09-18 23:29:02.587","level":"INFO","pid":26468,"msg":"lifecycle: StartingService --ServiceStarted--\u003E WaitingForReadiness"}
{"ts":"2026-09-18 23:29:02.597","level":"INFO","pid":26468,"msg":"poll: networkDownloadFallback=False, budget=180s"}
{"ts":"2026-09-18 23:29:02.710","level":"INFO","pid":26468,"msg":"poll: ready (tcp \u002B http)"}
{"ts":"2026-09-18 23:29:02.712","level":"INFO","pid":26468,"msg":"lifecycle: WaitingForReadiness --ServiceReady--\u003E InitializingUI"}
{"ts":"2026-09-18 23:29:02.713","level":"INFO","pid":26468,"msg":"lifecycle: InitializingUI --UIInitialized--\u003E Running"}
{"ts":"2026-09-18 23:29:02.849","level":"INFO","pid":26468,"msg":"[boot-monitor] started (log\u002Bhttp layers)"}
{"ts":"2026-09-18 23:29:02.850","level":"INFO","pid":26468,"msg":"[boot-monitor] started url=http://127.0.0.1:39731 log=E:\\dsh-launcher\\sandbox\\issue25-card\\home-probe\\dsh-launcher\\dsh.log servicePid=n/a"}
{"ts":"2026-09-18 23:29:02.991","level":"INFO","pid":26468,"msg":"main form shown"}
{"ts":"2026-09-18 23:29:03.038","level":"INFO","pid":26468,"msg":"update network: launcher check attempting exit=direct"}
{"ts":"2026-09-18 23:29:03.700","level":"INFO","pid":26468,"msg":"web cache invalidation: lastSeen=\u003Cnone\u003E current=\u003Cunprobed\u003E clear=False"}
{"ts":"2026-09-18 23:29:03.762","level":"INFO","pid":26468,"msg":"webview nav completed: success=True http=200 url=http://127.0.0.1:39731/"}
{"ts":"2026-09-18 23:29:03.764","level":"INFO","pid":26468,"msg":"[boot-monitor] page layer armed (grace=12000ms interval=2000ms threshold=5)"}
{"ts":"2026-09-18 23:29:03.767","level":"INFO","pid":26468,"msg":"[boot-monitor] page probe loop started"}
{"ts":"2026-09-18 23:29:04.104","level":"INFO","pid":26468,"msg":"update network: launcher check exit=direct version=0.4.5"}
{"ts":"2026-09-18 23:29:04.381","level":"INFO","pid":26468,"msg":"update network: dsh check ok via registry=https://registry.npmmirror.com exit=direct version=0.1.5-rc.2"}
{"ts":"2026-09-18 23:29:04.382","level":"INFO","pid":26468,"msg":"dsh update check: latest=0.1.5-rc.2 local=\u003Cnull\u003E"}
{"ts":"2026-09-18 23:29:04.383","level":"INFO","pid":26468,"msg":"dsh update 0.1.5-rc.2 available (local=\u003Cnull\u003E); prompting tray balloon"}
{"ts":"2026-09-18 23:29:15.770","level":"INFO","pid":26468,"msg":"[boot-monitor] page probe: dispatching script"}
{"ts":"2026-09-18 23:29:15.776","level":"INFO","pid":26468,"msg":"[boot-monitor] page probe: round done (rawLen=50)"}
{"ts":"2026-09-18 23:29:15.778","level":"INFO","pid":26468,"msg":"[boot-monitor] page probe: good symbol absent (1/5)"}
