C:\Program Files\dotnet\sdk\10.0.401\Microsoft.Common.CurrentVersion.targets(2453,5): warning MSB3277: 发现无法解析的“WindowsBase”的不同版本之间存在冲突。 [E:\dsh-launcher\src\DshShell\DshShell.csproj]
C:\Program Files\dotnet\sdk\10.0.401\Microsoft.Common.CurrentVersion.targets(2453,5): warning MSB3277: “WindowsBase, Version=4.0.0.0, Culture=neutral, PublicKeyToken=31bf3856ad364e35”与“WindowsBase, Version=5.0.0.0, Culture=neutral, PublicKeyToken=31bf3856ad364e35”之间存在冲突。 [E:\dsh-launcher\src\DshShell\DshShell.csproj]
C:\Program Files\dotnet\sdk\10.0.401\Microsoft.Common.CurrentVersion.targets(2453,5): warning MSB3277:     已选择“WindowsBase, Version=4.0.0.0, Culture=neutral, PublicKeyToken=31bf3856ad364e35”，因为它是主版本而“WindowsBase, Version=5.0.0.0, Culture=neutral, PublicKeyToken=31bf3856ad364e35”不是。 [E:\dsh-launcher\src\DshShell\DshShell.csproj]
C:\Program Files\dotnet\sdk\10.0.401\Microsoft.Common.CurrentVersion.targets(2453,5): warning MSB3277:     依赖于“WindowsBase, Version=4.0.0.0, Culture=neutral, PublicKeyToken=31bf3856ad364e35”[C:\Program Files\dotnet\packs\Microsoft.NETCore.App.Ref\10.0.12\ref\net10.0\WindowsBase.dll]的引用。 [E:\dsh-launcher\src\DshShell\DshShell.csproj]
C:\Program Files\dotnet\sdk\10.0.401\Microsoft.Common.CurrentVersion.targets(2453,5): warning MSB3277:         C:\Program Files\dotnet\packs\Microsoft.NETCore.App.Ref\10.0.12\ref\net10.0\WindowsBase.dll [E:\dsh-launcher\src\DshShell\DshShell.csproj]
C:\Program Files\dotnet\sdk\10.0.401\Microsoft.Common.CurrentVersion.targets(2453,5): warning MSB3277:           导致引用“C:\Program Files\dotnet\packs\Microsoft.NETCore.App.Ref\10.0.12\ref\net10.0\WindowsBase.dll”的项目文件项 Include 特性。 [E:\dsh-launcher\src\DshShell\DshShell.csproj]
C:\Program Files\dotnet\sdk\10.0.401\Microsoft.Common.CurrentVersion.targets(2453,5): warning MSB3277:             C:\Program Files\dotnet\packs\Microsoft.NETCore.App.Ref\10.0.12\ref/net10.0/WindowsBase.dll [E:\dsh-launcher\src\DshShell\DshShell.csproj]
C:\Program Files\dotnet\sdk\10.0.401\Microsoft.Common.CurrentVersion.targets(2453,5): warning MSB3277:     依赖于或已统一到“WindowsBase, Version=5.0.0.0, Culture=neutral, PublicKeyToken=31bf3856ad364e35”[] 的引用。 [E:\dsh-launcher\src\DshShell\DshShell.csproj]
C:\Program Files\dotnet\sdk\10.0.401\Microsoft.Common.CurrentVersion.targets(2453,5): warning MSB3277:         C:\Users\<localUser>\.nuget\packages\microsoft.web.webview2\1.0.4129.50\lib_manual\net5.0-windows10.0.17763.0\Microsoft.Web.WebView2.Wpf.dll [E:\dsh-launcher\src\DshShell\DshShell.csproj]
C:\Program Files\dotnet\sdk\10.0.401\Microsoft.Common.CurrentVersion.targets(2453,5): warning MSB3277:           导致引用“C:\Users\<localUser>\.nuget\packages\microsoft.web.webview2\1.0.4129.50\lib_manual\net5.0-windows10.0.17763.0\Microsoft.Web.WebView2.Wpf.dll”的项目文件项 Include 特性。 [E:\dsh-launcher\src\DshShell\DshShell.csproj]
C:\Program Files\dotnet\sdk\10.0.401\Microsoft.Common.CurrentVersion.targets(2453,5): warning MSB3277:             C:\Users\<localUser>\.nuget\packages\microsoft.web.webview2\1.0.4129.50\buildTransitive\..\\lib_manual\net5.0-windows10.0.17763.0\Microsoft.Web.WebView2.Wpf.dll [E:\dsh-launcher\src\DshShell\DshShell.csproj]
C:\Program Files\dotnet\sdk\10.0.401\Microsoft.Common.CurrentVersion.targets(2453,5): warning MSB3277: 发现无法解析的“WindowsBase”的不同版本之间存在冲突。 [E:\dsh-launcher\tests\DshShell.Tests\DshShell.Tests.csproj]
C:\Program Files\dotnet\sdk\10.0.401\Microsoft.Common.CurrentVersion.targets(2453,5): warning MSB3277: “WindowsBase, Version=4.0.0.0, Culture=neutral, PublicKeyToken=31bf3856ad364e35”与“WindowsBase, Version=5.0.0.0, Culture=neutral, PublicKeyToken=31bf3856ad364e35”之间存在冲突。 [E:\dsh-launcher\tests\DshShell.Tests\DshShell.Tests.csproj]
C:\Program Files\dotnet\sdk\10.0.401\Microsoft.Common.CurrentVersion.targets(2453,5): warning MSB3277:     已选择“WindowsBase, Version=4.0.0.0, Culture=neutral, PublicKeyToken=31bf3856ad364e35”，因为它是主版本而“WindowsBase, Version=5.0.0.0, Culture=neutral, PublicKeyToken=31bf3856ad364e35”不是。 [E:\dsh-launcher\tests\DshShell.Tests\DshShell.Tests.csproj]
C:\Program Files\dotnet\sdk\10.0.401\Microsoft.Common.CurrentVersion.targets(2453,5): warning MSB3277:     依赖于“WindowsBase, Version=4.0.0.0, Culture=neutral, PublicKeyToken=31bf3856ad364e35”[C:\Program Files\dotnet\packs\Microsoft.NETCore.App.Ref\10.0.12\ref\net10.0\WindowsBase.dll]的引用。 [E:\dsh-launcher\tests\DshShell.Tests\DshShell.Tests.csproj]
C:\Program Files\dotnet\sdk\10.0.401\Microsoft.Common.CurrentVersion.targets(2453,5): warning MSB3277:         C:\Program Files\dotnet\packs\Microsoft.NETCore.App.Ref\10.0.12\ref\net10.0\WindowsBase.dll [E:\dsh-launcher\tests\DshShell.Tests\DshShell.Tests.csproj]
C:\Program Files\dotnet\sdk\10.0.401\Microsoft.Common.CurrentVersion.targets(2453,5): warning MSB3277:           导致引用“C:\Program Files\dotnet\packs\Microsoft.NETCore.App.Ref\10.0.12\ref\net10.0\WindowsBase.dll”的项目文件项 Include 特性。 [E:\dsh-launcher\tests\DshShell.Tests\DshShell.Tests.csproj]
C:\Program Files\dotnet\sdk\10.0.401\Microsoft.Common.CurrentVersion.targets(2453,5): warning MSB3277:             C:\Program Files\dotnet\packs\Microsoft.NETCore.App.Ref\10.0.12\ref/net10.0/WindowsBase.dll [E:\dsh-launcher\tests\DshShell.Tests\DshShell.Tests.csproj]
C:\Program Files\dotnet\sdk\10.0.401\Microsoft.Common.CurrentVersion.targets(2453,5): warning MSB3277:     依赖于或已统一到“WindowsBase, Version=5.0.0.0, Culture=neutral, PublicKeyToken=31bf3856ad364e35”[] 的引用。 [E:\dsh-launcher\tests\DshShell.Tests\DshShell.Tests.csproj]
C:\Program Files\dotnet\sdk\10.0.401\Microsoft.Common.CurrentVersion.targets(2453,5): warning MSB3277:         C:\Users\<localUser>\.nuget\packages\microsoft.web.webview2\1.0.4129.50\lib_manual\net5.0-windows10.0.17763.0\Microsoft.Web.WebView2.Wpf.dll [E:\dsh-launcher\tests\DshShell.Tests\DshShell.Tests.csproj]
C:\Program Files\dotnet\sdk\10.0.401\Microsoft.Common.CurrentVersion.targets(2453,5): warning MSB3277:           导致引用“C:\Users\<localUser>\.nuget\packages\microsoft.web.webview2\1.0.4129.50\lib_manual\net5.0-windows10.0.17763.0\Microsoft.Web.WebView2.Wpf.dll”的项目文件项 Include 特性。 [E:\dsh-launcher\tests\DshShell.Tests\DshShell.Tests.csproj]
C:\Program Files\dotnet\sdk\10.0.401\Microsoft.Common.CurrentVersion.targets(2453,5): warning MSB3277:             C:\Users\<localUser>\.nuget\packages\microsoft.web.webview2\1.0.4129.50\buildTransitive\..\\lib_manual\net5.0-windows10.0.17763.0\Microsoft.Web.WebView2.Wpf.dll [E:\dsh-launcher\tests\DshShell.Tests\DshShell.Tests.csproj]
E:\dsh-launcher\tests\DshShell.Tests\Lifecycle\BootHealthMonitorTests.cs(187,18): warning CS8619: 类型“Task<string>”的值中引用类型的为 Null 性与目标类型“Task<string?>”不匹配。 [E:\dsh-launcher\tests\DshShell.Tests\DshShell.Tests.csproj]
E:\dsh-launcher\tests\DshShell.Tests\Lifecycle\BootHealthMonitorTests.cs(204,18): warning CS8619: 类型“Task<string>”的值中引用类型的为 Null 性与目标类型“Task<string?>”不匹配。 [E:\dsh-launcher\tests\DshShell.Tests\DshShell.Tests.csproj]
E:\dsh-launcher\tests\DshShell.Tests\Lifecycle\BootHealthMonitorTests.cs(216,18): warning CS8619: 类型“Task<string>”的值中引用类型的为 Null 性与目标类型“Task<string?>”不匹配。 [E:\dsh-launcher\tests\DshShell.Tests\DshShell.Tests.csproj]
E:\dsh-launcher\tests\DshShell.Tests\Lifecycle\BootHealthMonitorTests.cs(235,20): warning CS8619: 类型“Task<string>”的值中引用类型的为 Null 性与目标类型“Task<string?>”不匹配。 [E:\dsh-launcher\tests\DshShell.Tests\DshShell.Tests.csproj]
E:\dsh-launcher\tests\DshShell.Tests\Lifecycle\BootHealthMonitorTests.cs(255,18): warning CS8619: 类型“Task<string>”的值中引用类型的为 Null 性与目标类型“Task<string?>”不匹配。 [E:\dsh-launcher\tests\DshShell.Tests\DshShell.Tests.csproj]
E:\dsh-launcher\tests\DshShell.Tests\Lifecycle\BootHealthMonitorTests.cs(274,20): warning CS8619: 类型“Task<string>”的值中引用类型的为 Null 性与目标类型“Task<string?>”不匹配。 [E:\dsh-launcher\tests\DshShell.Tests\DshShell.Tests.csproj]
E:\dsh-launcher\tests\DshShell.Tests\Lifecycle\BootHealthMonitorTests.cs(299,18): warning CS8619: 类型“Task<string>”的值中引用类型的为 Null 性与目标类型“Task<string?>”不匹配。 [E:\dsh-launcher\tests\DshShell.Tests\DshShell.Tests.csproj]
E:\dsh-launcher\tests\DshShell.Tests\Lifecycle\BootHealthMonitorTests.cs(534,18): warning CS8619: 类型“Task<string>”的值中引用类型的为 Null 性与目标类型“Task<string?>”不匹配。 [E:\dsh-launcher\tests\DshShell.Tests\DshShell.Tests.csproj]
E:\dsh-launcher\tests\DshShell.Tests\Regression_NoticeCardSquareAccent.RealOs.cs(78,29): warning CS8602: 解引用可能出现空引用。 [E:\dsh-launcher\tests\DshShell.Tests\DshShell.Tests.csproj]
E:\dsh-launcher\tests\DshShell.Tests\Outcomes\ConfigWaitingStateOutcomes.cs(33,29): warning CS8619: 类型“Task<string>”的值中引用类型的为 Null 性与目标类型“Task<string?>”不匹配。 [E:\dsh-launcher\tests\DshShell.Tests\DshShell.Tests.csproj]
E:\dsh-launcher\tests\DshShell.Tests\Outcomes\OrphanServiceOutcomes.cs(98,13): warning CS0219: 变量“startCalls”已被赋值，但从未使用过它的值 [E:\dsh-launcher\tests\DshShell.Tests\DshShell.Tests.csproj]
E:\dsh-launcher\tests\DshShell.Tests\F11HookDecisionTests.cs(13,36): warning CS0414: 字段“F11HookDecisionTests.KeyDown”已被赋值，但从未使用过它的值 [E:\dsh-launcher\tests\DshShell.Tests\DshShell.Tests.csproj]
E:\dsh-launcher\tests\DshShell.Tests\Lifecycle\ServiceRestartCoordinatorRegressionTests.cs(17,17): warning CS0414: 字段“ServiceRestartCoordinatorRegressionTests._restartCalls”已被赋值，但从未使用过它的值 [E:\dsh-launcher\tests\DshShell.Tests\DshShell.Tests.csproj]
E:\dsh-launcher\tests\DshShell.Tests\F11HookDecisionTests.cs(14,36): warning CS0414: 字段“F11HookDecisionTests.SysKeyDown”已被赋值，但从未使用过它的值 [E:\dsh-launcher\tests\DshShell.Tests\DshShell.Tests.csproj]
E:\dsh-launcher\tests\DshShell.Tests\Managers\UpdateFlowContractTests.cs(120,17): warning xUnit1012: Null should not be used for type parameter 'tail' of type 'string'. Use a non-null value, or convert the parameter to a nullable type. (https://xunit.net/xunit.analyzers/rules/xUnit1012) [E:\dsh-launcher\tests\DshShell.Tests\DshShell.Tests.csproj]
E:\dsh-launcher\tests\DshShell.Tests\Managers\UpdateFlowContractTests.cs(313,17): warning xUnit1012: Null should not be used for type parameter 'tail' of type 'string'. Use a non-null value, or convert the parameter to a nullable type. (https://xunit.net/xunit.analyzers/rules/xUnit1012) [E:\dsh-launcher\tests\DshShell.Tests\DshShell.Tests.csproj]
E:\dsh-launcher\tests\DshShell.Tests\V030FeaturesTests.cs(292,9): warning xUnit2031: Do not use a Where clause to filter before calling Assert.Single. Use the overload of Assert.Single that accepts a filtering function. (https://xunit.net/xunit.analyzers/rules/xUnit2031) [E:\dsh-launcher\tests\DshShell.Tests\DshShell.Tests.csproj]
E:\dsh-launcher\tests\DshShell.Tests\Lifecycle\BootHealthMonitorTests.cs(524,26): warning xUnit1031: Test methods should not use blocking task operations, as they can cause deadlocks. Use an async test method and await instead. (https://xunit.net/xunit.analyzers/rules/xUnit1031) [E:\dsh-launcher\tests\DshShell.Tests\DshShell.Tests.csproj]
E:\dsh-launcher\tests\DshShell.Tests\RealOs\DshUpdatePipelineRealTests.cs(69,9): warning xUnit2020: Do not use Assert.True(false, message) to fail a test. Use Assert.Fail(message) instead. (https://xunit.net/xunit.analyzers/rules/xUnit2020) [E:\dsh-launcher\tests\DshShell.Tests\DshShell.Tests.csproj]
E:\dsh-launcher\tests\DshShell.Tests\UpdateCheckerTests.cs(41,83): warning xUnit1031: Test methods should not use blocking task operations, as they can cause deadlocks. Use an async test method and await instead. (https://xunit.net/xunit.analyzers/rules/xUnit1031) [E:\dsh-launcher\tests\DshShell.Tests\DshShell.Tests.csproj]
E:\dsh-launcher\tests\DshShell.Tests\UpdateCheckerTests.cs(48,83): warning xUnit1031: Test methods should not use blocking task operations, as they can cause deadlocks. Use an async test method and await instead. (https://xunit.net/xunit.analyzers/rules/xUnit1031) [E:\dsh-launcher\tests\DshShell.Tests\DshShell.Tests.csproj]
E:\dsh-launcher\tests\DshShell.Tests\UpdateCheckerTests.cs(55,73): warning xUnit1031: Test methods should not use blocking task operations, as they can cause deadlocks. Use an async test method and await instead. (https://xunit.net/xunit.analyzers/rules/xUnit1031) [E:\dsh-launcher\tests\DshShell.Tests\DshShell.Tests.csproj]
E:\dsh-launcher\tests\DshShell.Tests\UpdateCheckerTests.cs(62,73): warning xUnit1031: Test methods should not use blocking task operations, as they can cause deadlocks. Use an async test method and await instead. (https://xunit.net/xunit.analyzers/rules/xUnit1031) [E:\dsh-launcher\tests\DshShell.Tests\DshShell.Tests.csproj]
E:\dsh-launcher\tests\DshShell.Tests\UpdateCheckerTests.cs(69,73): warning xUnit1031: Test methods should not use blocking task operations, as they can cause deadlocks. Use an async test method and await instead. (https://xunit.net/xunit.analyzers/rules/xUnit1031) [E:\dsh-launcher\tests\DshShell.Tests\DshShell.Tests.csproj]
E:\dsh-launcher\tests\DshShell.Tests\UpdateCheckerTests.cs(76,73): warning xUnit1031: Test methods should not use blocking task operations, as they can cause deadlocks. Use an async test method and await instead. (https://xunit.net/xunit.analyzers/rules/xUnit1031) [E:\dsh-launcher\tests\DshShell.Tests\DshShell.Tests.csproj]
E:\dsh-launcher\tests\DshShell.Tests\RealOs\DshUpdatePipelineRealTests.cs(200,90): warning xUnit1031: Test methods should not use blocking task operations, as they can cause deadlocks. Use an async test method and await instead. (https://xunit.net/xunit.analyzers/rules/xUnit1031) [E:\dsh-launcher\tests\DshShell.Tests\DshShell.Tests.csproj]
E:\dsh-launcher\tests\DshShell.Tests\UpdateCheckerTests.cs(86,69): warning xUnit1031: Test methods should not use blocking task operations, as they can cause deadlocks. Use an async test method and await instead. (https://xunit.net/xunit.analyzers/rules/xUnit1031) [E:\dsh-launcher\tests\DshShell.Tests\DshShell.Tests.csproj]
E:\dsh-launcher\tests\DshShell.Tests\UpdateCheckerTests.cs(96,73): warning xUnit1031: Test methods should not use blocking task operations, as they can cause deadlocks. Use an async test method and await instead. (https://xunit.net/xunit.analyzers/rules/xUnit1031) [E:\dsh-launcher\tests\DshShell.Tests\DshShell.Tests.csproj]
E:\dsh-launcher\tests\DshShell.Tests\UpdateCheckerTests.cs(104,74): warning xUnit1031: Test methods should not use blocking task operations, as they can cause deadlocks. Use an async test method and await instead. (https://xunit.net/xunit.analyzers/rules/xUnit1031) [E:\dsh-launcher\tests\DshShell.Tests\DshShell.Tests.csproj]
E:\dsh-launcher\tests\DshShell.Tests\UpdateCheckerTests.cs(111,74): warning xUnit1031: Test methods should not use blocking task operations, as they can cause deadlocks. Use an async test method and await instead. (https://xunit.net/xunit.analyzers/rules/xUnit1031) [E:\dsh-launcher\tests\DshShell.Tests\DshShell.Tests.csproj]
E:\dsh-launcher\tests\DshShell.Tests\Outcomes\SystemUpgradeOutcomeContracts.cs(246,56): warning xUnit1031: Test methods should not use blocking task operations, as they can cause deadlocks. Use an async test method and await instead. (https://xunit.net/xunit.analyzers/rules/xUnit1031) [E:\dsh-launcher\tests\DshShell.Tests\DshShell.Tests.csproj]
E:\dsh-launcher\tests\DshShell.Tests\UpdateCheckerTests.cs(118,73): warning xUnit1031: Test methods should not use blocking task operations, as they can cause deadlocks. Use an async test method and await instead. (https://xunit.net/xunit.analyzers/rules/xUnit1031) [E:\dsh-launcher\tests\DshShell.Tests\DshShell.Tests.csproj]
E:\dsh-launcher\tests\DshShell.Tests\UpdateCheckerTests.cs(127,78): warning xUnit1031: Test methods should not use blocking task operations, as they can cause deadlocks. Use an async test method and await instead. (https://xunit.net/xunit.analyzers/rules/xUnit1031) [E:\dsh-launcher\tests\DshShell.Tests\DshShell.Tests.csproj]
E:\dsh-launcher\tests\DshShell.Tests\UpdateCheckerTests.cs(134,68): warning xUnit1031: Test methods should not use blocking task operations, as they can cause deadlocks. Use an async test method and await instead. (https://xunit.net/xunit.analyzers/rules/xUnit1031) [E:\dsh-launcher\tests\DshShell.Tests\DshShell.Tests.csproj]
E:\dsh-launcher\tests\DshShell.Tests\UpdateCheckerTests.cs(141,68): warning xUnit1031: Test methods should not use blocking task operations, as they can cause deadlocks. Use an async test method and await instead. (https://xunit.net/xunit.analyzers/rules/xUnit1031) [E:\dsh-launcher\tests\DshShell.Tests\DshShell.Tests.csproj]
E:\dsh-launcher\tests\DshShell.Tests\UpdateCheckerTests.cs(153,69): warning xUnit1031: Test methods should not use blocking task operations, as they can cause deadlocks. Use an async test method and await instead. (https://xunit.net/xunit.analyzers/rules/xUnit1031) [E:\dsh-launcher\tests\DshShell.Tests\DshShell.Tests.csproj]
E:\dsh-launcher\tests\DshShell.Tests\Outcomes\SystemUpgradeOutcomeContracts.cs(291,56): warning xUnit1031: Test methods should not use blocking task operations, as they can cause deadlocks. Use an async test method and await instead. (https://xunit.net/xunit.analyzers/rules/xUnit1031) [E:\dsh-launcher\tests\DshShell.Tests\DshShell.Tests.csproj]
E:\dsh-launcher\tests\DshShell.Tests\Outcomes\RecoveryOutcomes.cs(38,56): warning xUnit1031: Test methods should not use blocking task operations, as they can cause deadlocks. Use an async test method and await instead. (https://xunit.net/xunit.analyzers/rules/xUnit1031) [E:\dsh-launcher\tests\DshShell.Tests\DshShell.Tests.csproj]
E:\dsh-launcher\tests\DshShell.Tests\bin\Debug\net10.0-windows10.0.19041.0\DshShell.Tests.dll (.NETCoreApp,Version=v10.0)的测试运行
总共 1 个测试文件与指定模式相匹配。
E:\dsh-launcher\tests\DshShell.Tests\bin\Debug\net10.0-windows10.0.19041.0\DshShell.Tests.dll
[xUnit.net 00:00:00.00] xUnit.net VSTest Adapter v2.8.2+699d445a1a (64-bit .NET 10.0.12)
[xUnit.net 00:00:00.11]   Discovering: DshShell.Tests
[xUnit.net 00:00:00.33]   Discovered:  DshShell.Tests
[xUnit.net 00:00:00.34]   Starting:    DshShell.Tests
[xUnit.net 00:00:00.64]     DshShell.Tests.Regression_NoticeCardSquareAccent.RealOs_AccentBar_CoversEveryRowOfLeftEdge_NoBorderLineOnTopOf_It [FAIL]
[xUnit.net 00:00:00.64]       通知卡片直角 + 强调条对齐 抛异常：Xunit.Sdk.TrueException: 窗口 Region 不再覆盖角点——圆角裁切回来了（色条上下两头会被它切掉）
[xUnit.net 00:00:00.64]          at Xunit.Assert.True(Nullable`1 condition, String userMessage) in /_/src/xunit.assert/Asserts/BooleanAsserts.cs:line 141
[xUnit.net 00:00:00.64]          at Xunit.Assert.True(Boolean condition, String userMessage) in /_/src/xunit.assert/Asserts/BooleanAsserts.cs:line 123
[xUnit.net 00:00:00.64]          at DshShell.Tests.Regression_NoticeCardSquareAccent.<RealOs_AccentBar_CoversEveryRowOfLeftEdge_NoBorderLineOnTopOf_It>b__2_0() in E:\dsh-launcher\tests\DshShell.Tests\Regression_NoticeCardSquareAccent.RealOs.cs:line 78
[xUnit.net 00:00:00.64]          at DshShell.Tests.Regression_NoticeCardSquareAccent.<>c__DisplayClass6_0.<RunSta>b__0() in E:\dsh-launcher\tests\DshShell.Tests\Regression_NoticeCardSquareAccent.RealOs.cs:line 109
[xUnit.net 00:00:00.64]       Stack Trace:
[xUnit.net 00:00:00.65]         E:\dsh-launcher\tests\DshShell.Tests\Regression_NoticeCardSquareAccent.RealOs.cs(117,0): at DshShell.Tests.Regression_NoticeCardSquareAccent.RunSta(Action body, String what, Int32 timeoutSeconds)
[xUnit.net 00:00:00.65]         E:\dsh-launcher\tests\DshShell.Tests\Regression_NoticeCardSquareAccent.RealOs.cs(33,0): at DshShell.Tests.Regression_NoticeCardSquareAccent.RealOs_AccentBar_CoversEveryRowOfLeftEdge_NoBorderLineOnTopOf_It()
[xUnit.net 00:00:00.65]            at System.Reflection.MethodBaseInvoker.InterpretedInvoke_Method(Object obj, IntPtr* args)
[xUnit.net 00:00:00.65]            at System.Reflection.MethodBaseInvoker.InvokeWithNoArgs(Object obj, BindingFlags invokeAttr)
[xUnit.net 00:00:00.65]       Output:
[xUnit.net 00:00:00.65]         card 445x122 dpi=96 accent=Color [A=255, R=216, G=30, B=6] border=Color [A=255, R=209, G=213, B=219]
[xUnit.net 00:00:00.66]   Finished:    DshShell.Tests
  失败 DshShell.Tests.Regression_NoticeCardSquareAccent.RealOs_AccentBar_CoversEveryRowOfLeftEdge_NoBorderLineOnTopOf_It [243 ms]
  错误消息:
   通知卡片直角 + 强调条对齐 抛异常：Xunit.Sdk.TrueException: 窗口 Region 不再覆盖角点——圆角裁切回来了（色条上下两头会被它切掉）
   at Xunit.Assert.True(Nullable`1 condition, String userMessage) in /_/src/xunit.assert/Asserts/BooleanAsserts.cs:line 141
   at Xunit.Assert.True(Boolean condition, String userMessage) in /_/src/xunit.assert/Asserts/BooleanAsserts.cs:line 123
   at DshShell.Tests.Regression_NoticeCardSquareAccent.<RealOs_AccentBar_CoversEveryRowOfLeftEdge_NoBorderLineOnTopOf_It>b__2_0() in E:\dsh-launcher\tests\DshShell.Tests\Regression_NoticeCardSquareAccent.RealOs.cs:line 78
   at DshShell.Tests.Regression_NoticeCardSquareAccent.<>c__DisplayClass6_0.<RunSta>b__0() in E:\dsh-launcher\tests\DshShell.Tests\Regression_NoticeCardSquareAccent.RealOs.cs:line 109
  堆栈跟踪:
     at DshShell.Tests.Regression_NoticeCardSquareAccent.RunSta(Action body, String what, Int32 timeoutSeconds) in E:\dsh-launcher\tests\DshShell.Tests\Regression_NoticeCardSquareAccent.RealOs.cs:line 117
   at DshShell.Tests.Regression_NoticeCardSquareAccent.RealOs_AccentBar_CoversEveryRowOfLeftEdge_NoBorderLineOnTopOf_It() in E:\dsh-launcher\tests\DshShell.Tests\Regression_NoticeCardSquareAccent.RealOs.cs:line 33
   at System.Reflection.MethodBaseInvoker.InterpretedInvoke_Method(Object obj, IntPtr* args)
   at System.Reflection.MethodBaseInvoker.InvokeWithNoArgs(Object obj, BindingFlags invokeAttr)
  标准输出消息:
 card 445x122 dpi=96 accent=Color [A=255, R=216, G=30, B=6] border=Color [A=255, R=209, G=213, B=219]



测试运行失败。
测试总数: 1
     失败数: 1
总时间: 1.4030 秒
