Refreshing run status every 45 seconds. Press Ctrl+C to quit.

* v0.5.0 build · 35518103434
Triggered via workflow_dispatch less than a minute ago

JOBS
* build (ID 106097365857)
  ✓ Set up job
  ✓ Run actions/checkout@11d5960a326750d5838078e36cf38b85af677262
  * Run actions/setup-dotnet@67a3573c9a986a3f9c594539f4ab511d57bb3ce9
  * Run tests (unit + script/integration checks, no -Smoke)
  * Upload test log on failure
  * Ensure Node.js (real environment, never skip)
  * Run Real-OS integration tests
  * Upload Real-OS log on failure
  * Build release package (zip + msi + checksums)
  * Upload release artifacts
  * Post Run actions/setup-dotnet@67a3573c9a986a3f9c594539f4ab511d57bb3ce9
  * Post Run actions/checkout@11d5960a326750d5838078e36cf38b85af677262
Refreshing run status every 45 seconds. Press Ctrl+C to quit.

* v0.5.0 build · 35518103434
Triggered via workflow_dispatch about 1 minute ago

JOBS
* build (ID 106097365857)
  ✓ Set up job
  ✓ Run actions/checkout@11d5960a326750d5838078e36cf38b85af677262
  ✓ Run actions/setup-dotnet@67a3573c9a986a3f9c594539f4ab511d57bb3ce9
  * Run tests (unit + script/integration checks, no -Smoke)
  * Upload test log on failure
  * Ensure Node.js (real environment, never skip)
  * Run Real-OS integration tests
  * Upload Real-OS log on failure
  * Build release package (zip + msi + checksums)
  * Upload release artifacts
  * Post Run actions/setup-dotnet@67a3573c9a986a3f9c594539f4ab511d57bb3ce9
  * Post Run actions/checkout@11d5960a326750d5838078e36cf38b85af677262
Refreshing run status every 45 seconds. Press Ctrl+C to quit.

* v0.5.0 build · 35518103434
Triggered via workflow_dispatch about 1 minute ago

JOBS
* build (ID 106097365857)
  ✓ Set up job
  ✓ Run actions/checkout@11d5960a326750d5838078e36cf38b85af677262
  ✓ Run actions/setup-dotnet@67a3573c9a986a3f9c594539f4ab511d57bb3ce9
  ✓ Run tests (unit + script/integration checks, no -Smoke)
  - Upload test log on failure
  ✓ Ensure Node.js (real environment, never skip)
  * Run Real-OS integration tests
  * Upload Real-OS log on failure
  * Build release package (zip + msi + checksums)
  * Upload release artifacts
  * Post Run actions/setup-dotnet@67a3573c9a986a3f9c594539f4ab511d57bb3ce9
  * Post Run actions/checkout@11d5960a326750d5838078e36cf38b85af677262
Refreshing run status every 45 seconds. Press Ctrl+C to quit.

* v0.5.0 build · 35518103434
Triggered via workflow_dispatch about 2 minutes ago

JOBS
* build (ID 106097365857)
  ✓ Set up job
  ✓ Run actions/checkout@11d5960a326750d5838078e36cf38b85af677262
  ✓ Run actions/setup-dotnet@67a3573c9a986a3f9c594539f4ab511d57bb3ce9
  ✓ Run tests (unit + script/integration checks, no -Smoke)
  - Upload test log on failure
  ✓ Ensure Node.js (real environment, never skip)
  ✓ Run Real-OS integration tests
  - Upload Real-OS log on failure
  * Build release package (zip + msi + checksums)
  * Upload release artifacts
  * Post Run actions/setup-dotnet@67a3573c9a986a3f9c594539f4ab511d57bb3ce9
  * Post Run actions/checkout@11d5960a326750d5838078e36cf38b85af677262
Refreshing run status every 45 seconds. Press Ctrl+C to quit.

* v0.5.0 build · 35518103434
Triggered via workflow_dispatch about 3 minutes ago

JOBS
✓ build in 3m0s (ID 106097365857)
  ✓ Set up job
  ✓ Run actions/checkout@11d5960a326750d5838078e36cf38b85af677262
  ✓ Run actions/setup-dotnet@67a3573c9a986a3f9c594539f4ab511d57bb3ce9
  ✓ Run tests (unit + script/integration checks, no -Smoke)
  - Upload test log on failure
  ✓ Ensure Node.js (real environment, never skip)
  ✓ Run Real-OS integration tests
  - Upload Real-OS log on failure
  ✓ Build release package (zip + msi + checksums)
  ✓ Upload release artifacts
  ✓ Post Run actions/setup-dotnet@67a3573c9a986a3f9c594539f4ab511d57bb3ce9
  ✓ Post Run actions/checkout@11d5960a326750d5838078e36cf38b85af677262
  ✓ Complete job
✓ release in 15s (ID 106097805122)
  ✓ Set up job
  ✓ Run actions/checkout@11d5960a326750d5838078e36cf38b85af677262
  ✓ Run actions/download-artifact@d3f86a106a0bac45b974a628896c90dbdf5c8093
  ✓ Prepare release notes from CHANGELOG
  ✓ Publish GitHub Release
  ✓ Post Run actions/checkout@11d5960a326750d5838078e36cf38b85af677262
  ✓ Complete job

ANNOTATIONS
! Node.js 20 is deprecated. The following actions target Node.js 20 but are being forced to run on Node.js 24: actions/checkout@11d5960a326750d5838078e36cf38b85af677262, actions/setup-dotnet@67a3573c9a986a3f9c594539f4ab511d57bb3ce9, actions/upload-artifact@ea165f8d65b6e75b540449e92b4886f43607fa02. For more information see: https://github.blog/changelog/2025-09-19-deprecation-of-node-20-on-github-actions-runners/
build: .github#4

! Converting null literal or possible null value to non-nullable type.
build: src/DshShell/Windows/LegacyUpgradeCleanup.cs#102

! Possible null reference argument for parameter 'tail' in 'bool NpmHelpers.IsNpmNotFoundError(string tail)'.
build: src/DshShell/Program.cs#2361

! Possible null reference argument for parameter 'form' in 'void Program.DownloadDshUpdateStaged(Form form, string latest)'.
build: src/DshShell/Program.cs#2088

! Dereference of a possibly null reference.
build: src/DshShell/Program.cs#2048

! Possible null reference argument for parameter 'host' in 'ValueTask TcpClient.ConnectAsync(string host, int port, CancellationToken cancellationToken)'.
build: src/DshShell/ShellLogic.cs#279

! Possible null reference argument for parameter 'host' in 'Task TcpClient.ConnectAsync(string host, int port)'.
build: src/DshShell/ShellLogic.cs#255

! Dereference of a possibly null reference.
build: src/DshShell/Managers/WebViewManager.cs#142

! Possible null reference argument for parameter 'baseUrl' in 'Task<bool> RuntimeResolver.VerifySha256Async(string zipPath, string baseUrl, string version)'.
build: src/DshShell/RuntimeResolver.cs#116

! Dereference of a possibly null reference.
build: src/DshShell/Lifecycle/BootHealthMonitor.cs#296

! 'SplashForm.Layout' hides inherited member 'Control.Layout'. Use the new keyword if hiding was intended.
build: src/DshShell/Windows/SplashForm.cs#52

! Possible null reference argument for parameter 'host' in 'ValueTask TcpClient.ConnectAsync(string host, int port, CancellationToken cancellationToken)'.
build: src/DshShell/ShellLogic.cs#279

! Possible null reference argument for parameter 'form' in 'void Program.DownloadDshUpdateStaged(Form form, string latest)'.
build: src/DshShell/Program.cs#2088

! Possible null reference argument for parameter 'host' in 'Task TcpClient.ConnectAsync(string host, int port)'.
build: src/DshShell/ShellLogic.cs#255

! Dereference of a possibly null reference.
build: src/DshShell/Program.cs#2048

! Possible null reference argument for parameter 'baseUrl' in 'Task<bool> RuntimeResolver.VerifySha256Async(string zipPath, string baseUrl, string version)'.
build: src/DshShell/RuntimeResolver.cs#116

! Dereference of a possibly null reference.
build: src/DshShell/Windows/LegacyUpgradeCleanup.cs#194

! Converting null literal or possible null value to non-nullable type.
build: src/DshShell/Windows/LegacyUpgradeCleanup.cs#192

! Dereference of a possibly null reference.
build: src/DshShell/Windows/LegacyUpgradeCleanup.cs#104

! Converting null literal or possible null value to non-nullable type.
build: src/DshShell/Windows/LegacyUpgradeCleanup.cs#102

! 'SplashForm.Layout' hides inherited member 'Control.Layout'. Use the new keyword if hiding was intended.
build: src/DshShell/Windows/SplashForm.cs#52

! Node.js 20 is deprecated. The following actions target Node.js 20 but are being forced to run on Node.js 24: actions/checkout@11d5960a326750d5838078e36cf38b85af677262, actions/download-artifact@d3f86a106a0bac45b974a628896c90dbdf5c8093, softprops/action-gh-release@3bb12739c298aeb8a4eeaf626c5b8d85266b0e65. For more information see: https://github.blog/changelog/2025-09-19-deprecation-of-node-20-on-github-actions-runners/
release: .github#2

✓ v0.5.0 build · 35518103434
Triggered via workflow_dispatch about 4 minutes ago

JOBS
✓ build in 3m0s (ID 106097365857)
  ✓ Set up job
  ✓ Run actions/checkout@11d5960a326750d5838078e36cf38b85af677262
  ✓ Run actions/setup-dotnet@67a3573c9a986a3f9c594539f4ab511d57bb3ce9
  ✓ Run tests (unit + script/integration checks, no -Smoke)
  - Upload test log on failure
  ✓ Ensure Node.js (real environment, never skip)
  ✓ Run Real-OS integration tests
  - Upload Real-OS log on failure
  ✓ Build release package (zip + msi + checksums)
  ✓ Upload release artifacts
  ✓ Post Run actions/setup-dotnet@67a3573c9a986a3f9c594539f4ab511d57bb3ce9
  ✓ Post Run actions/checkout@11d5960a326750d5838078e36cf38b85af677262
  ✓ Complete job
✓ release in 15s (ID 106097805122)
  ✓ Set up job
  ✓ Run actions/checkout@11d5960a326750d5838078e36cf38b85af677262
  ✓ Run actions/download-artifact@d3f86a106a0bac45b974a628896c90dbdf5c8093
  ✓ Prepare release notes from CHANGELOG
  ✓ Publish GitHub Release
  ✓ Post Run actions/checkout@11d5960a326750d5838078e36cf38b85af677262
  ✓ Complete job

ANNOTATIONS
! Node.js 20 is deprecated. The following actions target Node.js 20 but are being forced to run on Node.js 24: actions/checkout@11d5960a326750d5838078e36cf38b85af677262, actions/setup-dotnet@67a3573c9a986a3f9c594539f4ab511d57bb3ce9, actions/upload-artifact@ea165f8d65b6e75b540449e92b4886f43607fa02. For more information see: https://github.blog/changelog/2025-09-19-deprecation-of-node-20-on-github-actions-runners/
build: .github#4

! Converting null literal or possible null value to non-nullable type.
build: src/DshShell/Windows/LegacyUpgradeCleanup.cs#102

! Possible null reference argument for parameter 'tail' in 'bool NpmHelpers.IsNpmNotFoundError(string tail)'.
build: src/DshShell/Program.cs#2361

! Possible null reference argument for parameter 'form' in 'void Program.DownloadDshUpdateStaged(Form form, string latest)'.
build: src/DshShell/Program.cs#2088

! Dereference of a possibly null reference.
build: src/DshShell/Program.cs#2048

! Possible null reference argument for parameter 'host' in 'ValueTask TcpClient.ConnectAsync(string host, int port, CancellationToken cancellationToken)'.
build: src/DshShell/ShellLogic.cs#279

! Possible null reference argument for parameter 'host' in 'Task TcpClient.ConnectAsync(string host, int port)'.
build: src/DshShell/ShellLogic.cs#255

! Dereference of a possibly null reference.
build: src/DshShell/Managers/WebViewManager.cs#142

! Possible null reference argument for parameter 'baseUrl' in 'Task<bool> RuntimeResolver.VerifySha256Async(string zipPath, string baseUrl, string version)'.
build: src/DshShell/RuntimeResolver.cs#116

! Dereference of a possibly null reference.
build: src/DshShell/Lifecycle/BootHealthMonitor.cs#296

! 'SplashForm.Layout' hides inherited member 'Control.Layout'. Use the new keyword if hiding was intended.
build: src/DshShell/Windows/SplashForm.cs#52

! Possible null reference argument for parameter 'host' in 'ValueTask TcpClient.ConnectAsync(string host, int port, CancellationToken cancellationToken)'.
build: src/DshShell/ShellLogic.cs#279

! Possible null reference argument for parameter 'form' in 'void Program.DownloadDshUpdateStaged(Form form, string latest)'.
build: src/DshShell/Program.cs#2088

! Possible null reference argument for parameter 'host' in 'Task TcpClient.ConnectAsync(string host, int port)'.
build: src/DshShell/ShellLogic.cs#255

! Dereference of a possibly null reference.
build: src/DshShell/Program.cs#2048

! Possible null reference argument for parameter 'baseUrl' in 'Task<bool> RuntimeResolver.VerifySha256Async(string zipPath, string baseUrl, string version)'.
build: src/DshShell/RuntimeResolver.cs#116

! Dereference of a possibly null reference.
build: src/DshShell/Windows/LegacyUpgradeCleanup.cs#194

! Converting null literal or possible null value to non-nullable type.
build: src/DshShell/Windows/LegacyUpgradeCleanup.cs#192

! Dereference of a possibly null reference.
build: src/DshShell/Windows/LegacyUpgradeCleanup.cs#104

! Converting null literal or possible null value to non-nullable type.
build: src/DshShell/Windows/LegacyUpgradeCleanup.cs#102

! 'SplashForm.Layout' hides inherited member 'Control.Layout'. Use the new keyword if hiding was intended.
build: src/DshShell/Windows/SplashForm.cs#52

! Node.js 20 is deprecated. The following actions target Node.js 20 but are being forced to run on Node.js 24: actions/checkout@11d5960a326750d5838078e36cf38b85af677262, actions/download-artifact@d3f86a106a0bac45b974a628896c90dbdf5c8093, softprops/action-gh-release@3bb12739c298aeb8a4eeaf626c5b8d85266b0e65. For more information see: https://github.blog/changelog/2025-09-19-deprecation-of-node-20-on-github-actions-runners/
release: .github#2

watch_exit=0
